// Jest Snapshot v1, https://goo.gl/fbAQLP

exports[`cli should parse multiple arguments should set the arguments and keep the default values 1`] = `
Object {
  "mode": "modeArg",
  "outputDir": "bba",
  "targetBranch": "branch",
  "webpackConfigScript": "webpackArg",
}
`;
